// Jest Snapshot v1, https://goo.gl/fbAQLP

exports[`should handle export interface construction 1`] = `
"declare interface MyObj {
  state?: string;
}
"
`;
